
-----------
4

(1 row affected)


-----------------------
2022-09-02 14:59:56.947

(1 row affected)


----------------------
1.4142135623731

(1 row affected)


-----
R242

(1 row affected)


-----
R242

(1 row affected)

invoiceNumber   date       month
--------------- ---------- -----------
4613782F13-017  2022.09.02 9
4613782F13-016  2022.09.02 9
4613782F13-015  2022.09.02 9
4613782F13-014  2022.09.02 9
4613782F13-014  2022.09.02 9
4613782F13-014  2022.09.02 9
4613782F13-013  2022.09.02 9
4613782F13-012  2022.09.02 9
4613782F13-011  2022.09.02 9
4613782F13-009  2022.09.02 9
4613782F13-008  2022.09.02 9
4613782F13-007  2022.09.02 9
4613782F13-006  2022.09.02 9
4613782F13-005  2022.09.02 9
4613782F13-004  2022.09.02 9
4613782F13-004  2022.09.02 9
4613782F13-004  2022.09.02 9
4613782F13-004  2022.09.02 9
4613782F13-004  2022.09.02 9
4613782F13-004  2022.09.02 9
4613782F13-004  2022.09.02 9
4613782F13-004  2022.09.02 9
4613782F13-004  2022.09.02 9
4613782F13-003  2022.09.02 9
4613782F13-003  2022.09.02 9
4613782F13-003  2022.09.02 9
4613782F13-002  2022.09.02 9
4613782F13-001  2022.09.02 9
4613782F13-001  2022.09.02 9
4613782F13-001  2022.09.02 9
4613782F10-001  2022.09.02 9
7681752F11-001  2022.09.02 9

(32 rows affected)

prefix
------
(40
(41
(51
(65
(90
+23
+48
253
271
273
288
321
337
338
355
356
414
476
488
541
552
557
563
567
571
612
616
622
626
631
635
641
654
686
717
755
758
773
774
777
778
783
833
873

(44 rows affected)

invoiceNumber   date       
--------------- ---------- -----------

(0 rows affected)

lastName                                           firstName
-------------------------------------------------- --------------------------------------------------
MCKENZIE                                           JOHN
MCMONAGLE                                          MARJORIE
MCELMURRY                                          JANET L
MCCANT                                             TERRY
MCLAUGHLIN                                         GARY

(5 rows affected)

abbreviation
------------
PU 
KIT
KIT
KIT
KIT
KIT
KIT
KIT
KIT
KIT

(10 rows affected)

abbreviation
------------
PU 
KIT
KIT
KIT
KIT
KIT
KIT
KIT
KIT
KIT

(10 rows affected)

number  lastName                                           firstName                                          street                                                                           city                           provinceCode countryCode postalCode mainPhone                      alternatePhone                 collegeEmail                                                                     personalEmail                                                                    birthdate
------- -------------------------------------------------- -------------------------------------------------- -------------------------------------------------------------------------------- ------------------------------ ------------ ----------- ---------- ------------------------------ ------------------------------ -------------------------------------------------------------------------------- -------------------------------------------------------------------------------- -----------------------
2418671 MCKENZIE                                           JOHN                                               215 CHAPEL HILL ST W                                                             KITCHENER                      ON           CAN         N2R 1N3    (519) 148-8346                 (519) 176-7766                 jmckenzie@conestogac.on.ca                                                       jmckenzie@funnet.ca                                                              1988-06-14 00:00:00.000
3464658 MCMONAGLE                                          MARJORIE                                           248 QUEEN CHARLOTTE AVE                                                          KITCHENER                      ON           CAN         N2E 3N6    (519) 186-6886                 (519) 144-6522                 mmcmonagle@conestogac.on.ca                                                      mmcmonagle@celestial.bc.ca                                                       1990-09-05 00:00:00.000
6828131 MCELMURRY                                          JANET L                                            429 ARNOLD LANE                                                                  KITCHENER                      ON           CAN         N2H 6E7    (519) 128-5374                 (519) 125-3346                 jmcelmurry@conestogac.on.ca                                                      jmcelmurry@kidsafe.net                                                           1990-11-30 00:00:00.000
7545239 MCCANT                                             TERRY                                              320 BANFF ST                                                                     KITCHENER                      ON           CAN         N2E 1E6    (519) 154-5772                 (519) 133-5867                 tmccant@conestogac.on.ca                                                         tmccant@kidsafe.net                                                              1990-10-31 00:00:00.000
7826662 MCLAUGHLIN                                         GARY                                               328 HEATHER ROAD                                                                 KITCHENER                      ON           CAN         N2B 1M1    (519) 167-8423                 (519) 167-3354                 gmclaughlin@conestogac.on.ca                                                     gmclaughlin@wired.biz                                                            1990-01-09 00:00:00.000

(5 rows affected)

completeName
-------------------------------------------------------------------------------------------------------
WANG (YOU-FANG)
FRAGOSO (ROB)
MESI (JOHN)
SCOGIN (JAMES C)
PANCHAL (MICHAEL)
BOOTHMAN (JOHN)
VACEK (MARK W)
SETTE (JEFFREY T)
BORNHORST (K. ANN)
BEHEL (LIZ)

(10 rows affected)

code  semester    Tuition               Expression                              CAST                  CONVERT
----- ----------- --------------------- --------------------------------------- --------------------- -------------
0040C 1           2420.00               2679.90800000                           2679.908              $    2,679.91
0040C 2           0.00                  0.00000000                              0.00                  $        0.00
0040C 3           2412.00               2671.04880000                           2671.0488             $    2,671.05
0040C 4           0.00                  0.00000000                              0.00                  $        0.00
0040C 5           2400.00               2657.76000000                           2657.76               $    2,657.76
0040C 6           0.00                  0.00000000                              0.00                  $        0.00
0057C 1           2420.00               2679.90800000                           2679.908              $    2,679.91
0057C 2           0.00                  0.00000000                              0.00                  $        0.00
0057C 3           2412.00               2671.04880000                           2671.0488             $    2,671.05
0057C 4           0.00                  0.00000000                              0.00                  $        0.00
0057C 5           2400.00               2657.76000000                           2657.76               $    2,657.76
0057C 6           0.00                  0.00000000                              0.00                  $        0.00
0066C 1           3380.00               3743.01200000                           3743.012              $    3,743.01
0066C 2           0.00                  0.00000000                              0.00                  $        0.00
1009  1           2420.00               2679.90800000                           2679.908              $    2,679.91
1009  2           0.00                  0.00000000                              0.00                  $        0.00
1097C 1           2420.00               2679.90800000                           2679.908              $    2,679.91
1097C 2           0.00                  0.00000000                              0.00                  $        0.00
1097C 3           2412.00               2671.04880000                           2671.0488             $    2,671.05
1097C 4           0.00                  0.00000000                              0.00                  $        0.00

(20 rows affected)

id          item                                                         amountPerSemester     rounded               truncated
----------- ------------------------------------------------------------ --------------------- --------------------- ---------------------
8           CSA Fee                                                      4.50                  5.00                  4.00
2           Graduation/Alumni Services Fee                               18.56                 19.00                 18.00
1           Administration Fee                                           20.60                 21.00                 20.00
4           Student Priority Fee                                         45.46                 45.00                 45.00
7           CSI Capital Development Fee - Doon Campus                    52.77                 53.00                 52.00
3           Recreation/Athletics Fee                                     63.17                 63.00                 63.00
6           CSI Association Fee - Doon Campus                            77.50                 78.00                 77.00
5           Technology Enhancement Fee                                   117.05                117.00                117.00
9           CSI Health Plan                                              185.68                186.00                185.00

(9 rows affected)

dueDate                 one week later
----------------------- -----------------------
2022-10-02 06:59:56.280 2022-10-09 06:59:56.280

(1 row affected)

dueDate                 one week earlier
----------------------- -----------------------
2022-10-02 06:59:56.280 2022-09-25 06:59:56.280

(1 row affected)

date                    tomorrow                next week               next month              last year               next year
----------------------- ----------------------- ----------------------- ----------------------- ----------------------- -----------------------
2010-10-01 00:00:00.000 2010-10-02 00:00:00.000 2010-10-08 00:00:00.000 2010-11-01 00:00:00.000 2009-10-01 00:00:00.000 2011-10-01 00:00:00.000

(1 row affected)

transactionDate         dueDate                 Days to Pay
----------------------- ----------------------- -----------
2022-09-02 06:59:56.280 2022-10-02 06:59:56.280 30

(1 row affected)


-----------------------
2022-09-02 14:59:56.950

(1 row affected)

Days since the millenium
------------------------
8281

(1 row affected)


----------
2022.09.02

(1 row affected)

FormattedDate
----------------------------------------------------------------------------------------------------------------------------------------------------------------------------------------------------------------------------------------------------------------
2022.09.02

(1 row affected)

transactionDate         FormattedDate
----------------------- ----------------------------------------------------------------------------------------------------------------------------------------------------------------------------------------------------------------------------------------------------------------
2022-09-02 06:59:56.280 2022.09.02

(1 row affected)


Completion time: 2022-09-02T14:59:56.9720310-04:00
